ffx/profile.golden
ffx/profile/cpu.golden
ffx/profile/cpu/load.golden
ffx/profile/cpu/load/start.golden
ffx/profile/cpu/load/stop.golden
ffx/profile/gpu.golden
ffx/profile/gpu/usage.golden
ffx/profile/gpu/usage/start.golden
ffx/profile/gpu/usage/stop.golden
ffx/profile/heapdump.golden
ffx/profile/heapdump/download.golden
ffx/profile/heapdump/list.golden
ffx/profile/heapdump/snapshot.golden
ffx/profile/memory.golden
ffx/profile/memory/signal.golden
ffx/profile/network.golden
ffx/profile/network/activity.golden
ffx/profile/network/activity/start.golden
ffx/profile/network/activity/stop.golden
ffx/profile/power.golden
ffx/profile/power/logger.golden
ffx/profile/power/logger/start.golden
ffx/profile/power/logger/stop.golden
ffx/profile/temperature.golden
ffx/profile/temperature/logger.golden
ffx/profile/temperature/logger/start.golden
ffx/profile/temperature/logger/stop.golden
