{
  "name": "net-test-realm",
  "description": "Manage a running Network Test Realm",
  "examples": [],
  "flags": [
    {
      "kind": "Switch",
      "optionality": "optional",
      "long": "--help",
      "short": null,
      "description": "display usage information",
      "hidden": false
    }
  ],
  "notes": [
    "This plugin acts as a thin wrapper around the Network Test Realm Controller protocol.\nFor more specific information regarding each subcommand, see the underlying protocol definition:\nhttps://osscs.corp.google.com/fuchsia/fuchsia/+/main:src/connectivity/network/testing/network-test-realm/fidl/controller.fidl"
  ],
  "commands": [],
  "positionals": [
    {
      "name": "component_moniker",
      "description": "the moniker of the component that corresponds to the Network Test Realm instance (e.g. \"/core/network/test-components:net_test_realm_controller\").",
      "optionality": "required",
      "hidden": false
    }
  ],
  "error_codes": []
}