// WARNING: This file is machine generated by fidlgen.

// fidl_experiment = disallow_reserved
// fidl_experiment = output_index_json

#include <test/typesinprotocols/cpp/libfuzzer_decode_encode.h>

static_assert(::fuzzing::test_typesinprotocols_decoder_encoders.size() == 26);
