{
  "name": "add",
  "description": "Adds an input to a fuzzer's corpus.",
  "examples": [],
  "flags": [
    {
      "kind": "Switch",
      "optionality": "optional",
      "long": "--help",
      "short": null,
      "description": "display usage information",
      "hidden": false
    },
    {
      "kind": {
        "Option": {
          "arg_name": "output"
        }
      },
      "optionality": "optional",
      "long": "--output",
      "short": "o",
      "description": "where to send fuzzer logs and artifacts; default is stdout and the current directory",
      "hidden": false
    },
    {
      "kind": "Switch",
      "optionality": "optional",
      "long": "--quiet",
      "short": "q",
      "description": "if present, suppress non-error output from the ffx tool itself",
      "hidden": false
    },
    {
      "kind": "Switch",
      "optionality": "optional",
      "long": "--no-stdout",
      "short": null,
      "description": "disables forwarding standard output from the fuzzer",
      "hidden": false
    },
    {
      "kind": "Switch",
      "optionality": "optional",
      "long": "--no-stderr",
      "short": null,
      "description": "disables forwarding standard error from the fuzzer",
      "hidden": false
    },
    {
      "kind": "Switch",
      "optionality": "optional",
      "long": "--no-syslog",
      "short": null,
      "description": "disables forwarding system logs from the fuzzer",
      "hidden": false
    },
    {
      "kind": "Switch",
      "optionality": "optional",
      "long": "--seed",
      "short": "s",
      "description": "add to the seed corpus; default is to add to live corpus",
      "hidden": false
    }
  ],
  "notes": [],
  "commands": [],
  "positionals": [
    {
      "name": "url",
      "description": "package URL for the fuzzer",
      "optionality": "required",
      "hidden": false
    },
    {
      "name": "input",
      "description": "input(s) to add; may be a filename, a directory path or a hex string",
      "optionality": "required",
      "hidden": false
    }
  ],
  "error_codes": []
}