{
  "name": "interface-mtu",
  "description": "MTU for the client's interface.",
  "examples": [],
  "flags": [
    {
      "kind": "Switch",
      "optionality": "optional",
      "long": "--help",
      "short": null,
      "description": "display usage information",
      "hidden": false
    },
    {
      "kind": {
        "Option": {
          "arg_name": "mtu"
        }
      },
      "optionality": "optional",
      "long": "--mtu",
      "short": null,
      "description": "the MTU for the client's interface. Minimum value of 68.",
      "hidden": false
    }
  ],
  "notes": [],
  "commands": [],
  "positionals": [],
  "error_codes": []
}