{
  "name": "tcp-default-ttl",
  "description": "Default time-to-live for outgoing TCP segments.",
  "examples": [],
  "flags": [
    {
      "kind": "Switch",
      "optionality": "optional",
      "long": "--help",
      "short": null,
      "description": "display usage information",
      "hidden": false
    },
    {
      "kind": {
        "Option": {
          "arg_name": "ttl"
        }
      },
      "optionality": "optional",
      "long": "--ttl",
      "short": null,
      "description": "the default time-to-live that the client should use for outgoing TCP segments. The minimum value is 1.",
      "hidden": false
    }
  ],
  "notes": [],
  "commands": [],
  "positionals": [],
  "error_codes": []
}