// WARNING: This file is machine generated by fidlgen.

// fidl_experiment = disallow_reserved
// fidl_experiment = output_index_json

#pragma once

#include <test/driverhandle/cpp/fidl.h>
