Profile duration summary for `puppet`:

100.000%: overall
    cpu: 574.975ms, queue: 0.017ms, faulting: 0.000ms, contended: 0.000ms, wall: 575.061ms
    source: ../../src/lib/diagnostics/inspect/contrib/rust/src/self_profile.rs:192:23

└── 100.000%: RootDuration, 100x
        cpu: 574.975ms, queue: 0.017ms, faulting: 0.000ms, contended: 0.000ms, wall: 575.061ms
        source: ../../src/lib/diagnostics/inspect/contrib/self_profiles_report/tests/src/puppet.rs:38:21
    ├── 62.393%: FirstNestedDuration, 1000x
    │       cpu: 358.745ms, queue: 0.009ms, faulting: 0.000ms, contended: 0.000ms, wall: 359.149ms
    │       source: ../../src/lib/diagnostics/inspect/contrib/self_profiles_report/tests/src/puppet.rs:41:25
    │   ├── 99.698%: LeafDuration, 1000x
    │   │       cpu: 357.660ms, queue: 0.009ms, faulting: 0.000ms, contended: 0.000ms, wall: 358.109ms
    │   │       source: ../../src/lib/diagnostics/inspect/contrib/self_profiles_report/tests/src/puppet.rs:65:5
    │   └── 0.302%: BELOW_THRESHOLD
    │           cpu: 1.085ms, queue: 0.000ms, faulting: 0.000ms, contended: 0.000ms, wall: 1.040ms
    ├── 18.700%: SecondNestedDuration, 100x
    │       cpu: 107.521ms, queue: 0.008ms, faulting: 0.000ms, contended: 0.000ms, wall: 107.570ms
    │       source: ../../src/lib/diagnostics/inspect/contrib/self_profiles_report/tests/src/puppet.rs:45:25
    │   ├── 99.763%: LeafDuration, 300x
    │   │       cpu: 107.267ms, queue: 0.008ms, faulting: 0.000ms, contended: 0.000ms, wall: 107.406ms
    │   │       source: ../../src/lib/diagnostics/inspect/contrib/self_profiles_report/tests/src/puppet.rs:65:5
    │   └── 0.237%: BELOW_THRESHOLD
    │           cpu: 0.254ms, queue: 0.000ms, faulting: 0.000ms, contended: 0.000ms, wall: 0.164ms
    ├── 12.468%: ThirdNestedDuration, 100x
    │       cpu: 71.685ms, queue: 0.000ms, faulting: 0.000ms, contended: 0.000ms, wall: 71.725ms
    │       source: ../../src/lib/diagnostics/inspect/contrib/self_profiles_report/tests/src/puppet.rs:51:41
    │   ├── 99.740%: LeafDuration, 200x
    │   │       cpu: 71.498ms, queue: 0.000ms, faulting: 0.000ms, contended: 0.000ms, wall: 71.587ms
    │   │       source: ../../src/lib/diagnostics/inspect/contrib/self_profiles_report/tests/src/puppet.rs:65:5
    │   └── 0.260%: BELOW_THRESHOLD
    │           cpu: 0.187ms, queue: 0.000ms, faulting: 0.000ms, contended: 0.000ms, wall: 0.138ms
    ├── 6.237%: FourthNestedDuration, 100x
    │       cpu: 35.862ms, queue: 0.000ms, faulting: 0.000ms, contended: 0.000ms, wall: 35.901ms
    │       source: ../../src/lib/diagnostics/inspect/contrib/self_profiles_report/tests/src/puppet.rs:54:31
    │   ├── 99.686%: LeafDuration, 100x
    │   │       cpu: 35.750ms, queue: 0.000ms, faulting: 0.000ms, contended: 0.000ms, wall: 35.793ms
    │   │       source: ../../src/lib/diagnostics/inspect/contrib/self_profiles_report/tests/src/puppet.rs:65:5
    │   └── 0.314%: BELOW_THRESHOLD
    │           cpu: 0.113ms, queue: 0.000ms, faulting: 0.000ms, contended: 0.000ms, wall: 0.108ms
    └── 0.202%: BELOW_THRESHOLD
            cpu: 1.162ms, queue: 0.000ms, faulting: 0.000ms, contended: 0.000ms, wall: 0.715ms


Rolled up leaf durations:

99.513%: LeafDuration, 1600x
    cpu: 572.174ms, queue: 0.017ms, faulting: 0.000ms, contended: 0.000ms, wall: 572.896ms
    source: ../../src/lib/diagnostics/inspect/contrib/self_profiles_report/tests/src/puppet.rs:65:5

