{
  "name": "verify",
  "description": "Verify the build",
  "examples": [],
  "flags": [
    {
      "kind": "Switch",
      "optionality": "optional",
      "long": "--help",
      "short": null,
      "description": "display usage information",
      "hidden": false
    },
    {
      "kind": {
        "Option": {
          "arg_name": "depfile"
        }
      },
      "optionality": "optional",
      "long": "--depfile",
      "short": null,
      "description": "path to depfile that gathers dependencies during execution.",
      "hidden": false
    },
    {
      "kind": {
        "Option": {
          "arg_name": "stamp"
        }
      },
      "optionality": "optional",
      "long": "--stamp",
      "short": null,
      "description": "path to stamp file to write to if and only if verification succeeds.",
      "hidden": false
    },
    {
      "kind": {
        "Option": {
          "arg_name": "tmp-dir"
        }
      },
      "optionality": "optional",
      "long": "--tmp-dir",
      "short": null,
      "description": "path to directory to use for temporary files.",
      "hidden": false
    },
    {
      "kind": "Switch",
      "optionality": "optional",
      "long": "--recovery",
      "short": null,
      "description": "build scrutiny model based on recovery-mode build artifacts.",
      "hidden": false
    }
  ],
  "notes": [],
  "commands": [],
  "positionals": [],
  "error_codes": []
}