{
  "name": "unlock",
  "description": "Unlocks a fastboot target.",
  "examples": [],
  "flags": [
    {
      "kind": "Switch",
      "optionality": "optional",
      "long": "--help",
      "short": null,
      "description": "display usage information",
      "hidden": false
    },
    {
      "kind": {
        "Option": {
          "arg_name": "cred"
        }
      },
      "optionality": "optional",
      "long": "--cred",
      "short": "c",
      "description": "optional path to credential file to use to unlock the device",
      "hidden": false
    },
    {
      "kind": "Switch",
      "optionality": "optional",
      "long": "--force",
      "short": null,
      "description": "skips the warning message that this command is dangerous",
      "hidden": false
    }
  ],
  "notes": [],
  "commands": [],
  "positionals": [],
  "error_codes": []
}