{
  "name": "list-devices",
  "description": "Prints all available audio devices on target",
  "examples": [
    "ffx audio list-devices \n ffx audio --machine json list-devices"
  ],
  "flags": [
    {
      "kind": "Switch",
      "optionality": "optional",
      "long": "--help",
      "short": null,
      "description": "display usage information",
      "hidden": false
    }
  ],
  "notes": [],
  "commands": [],
  "positionals": [],
  "error_codes": []
}