# Copyright 2020 The Fuchsia Authors. All rights reserved.
# Use of this source code is governed by a BSD-style license that can be
# found in the LICENSE file.

%YAML 1.2
---
$id: http://devicetree.org/schemas/my-devicetree-visitor.yaml#
$schema: http://devicetree.org/meta-schemas/core.yaml#

title:  <Please add a title for this binding>

maintainers:
  - <Author name (author_email)>

description: |
  <Please add description for this binding>

properties:

examples:
  - |
    <Please add an example devicetree>
