component_show.json
product_download.json
product_lookup.json
target_add.json
target_list.json
target_remove.json
target_screenshot.json
target_show.json
