{
  "name": "make-directory",
  "description": "Create a new directory in a component's storage. If the directory already exists, this operation is a no-op.",
  "examples": [
    "To make a `settings` directory in a storage:\n\n    $ ffx component storage make-directory 2042425d4b16ac396ebdb70e40845dc51516dd25754741a209d1972f126a7520::settings\n\nTo make a `settings` directory in a storage from a different provider and capability:\n\n    $ ffx component storage --provider /core/test_manager --capability data make-directory f1a52f7b4d7081060a3295fd36df7b68fb0518f80aae0eae8a3fc1d55231375f::settings\n\nNote: 2042425d4b16ac396ebdb70e40845dc51516dd25754741a209d1972f126a7520 is the instance ID of\nthe component whose storage is being accessed.\n\nTo learn about component instance IDs, see https://fuchsia.dev/go/components/instance-id"
  ],
  "flags": [
    {
      "kind": "Switch",
      "optionality": "optional",
      "long": "--help",
      "short": null,
      "description": "display usage information",
      "hidden": false
    }
  ],
  "notes": [],
  "commands": [],
  "positionals": [
    {
      "name": "path",
      "description": "a path to a non-existent remote directory",
      "optionality": "required",
      "hidden": false
    }
  ],
  "error_codes": []
}