?bin/blobfs
?bin/clkctl
?bin/clock
bin/component
bin/component_manager
bin/crasher
bin/dd
bin/debuglog
?bin/decompressor
bin/df
bin/disk-inspect
bin/dlog
?bin/f2fs
?bin/fshost
bin/fvm-check
?bin/fxfs
?bin/fxfs_crypt
bin/handles
bin/kcounter
bin/kill
bin/killall
bin/kstats
bin/kstress
bin/ktrace
bin/loadgen
?bin/memfs
bin/memgraph
?bin/minfs
bin/nand-loader
bin/nand-util
bin/ping
bin/ps
bin/sh
bin/signal
bin/storage-metrics
bin/threads
bin/top
bin/usbctl
bin/vmaps
bin/vmos
bin/waitfor
?config/additional_boot_args
config/build_info/minimum_utc_stamp
?config/component_id_index
?config/component_manager
?config/driver_index/base_driver_manifest
?config/driver_index/boot_driver_manifest
?config/power_manager/node_config.json
?config/power_manager/thermal_config.json
config/profiles/bringup.profiles
?config/profiles/core.profiles
?config/profiles/starnix.profiles
?config/zxcrypt
?data/boot-animation.riv
?data/bootfs_packages
lib/ld.so.1
lib/libasync-default.so
lib/libbackend_fuchsia_globals.so
lib/libc++.so.2
lib/libc++abi.so.1
lib/libcrypto.so
lib/libfdio.so
?lib/libfs-management.so
lib/libinspector.so
lib/libramdevice-client.so
lib/libre2.so
?lib/librust-trace-provider.so
lib/libssl.so
lib/libsvc.so
?lib/libtee-client-api.so
lib/libtrace-engine.so
lib/libunwind.so.1
lib/libusb-peripheral-utils.so
?meta/blobfs.cm
?meta/blobfs.cvf
?meta/decompressor-sandbox.cm
?meta/f2fs.cm
?meta/fshost.cm
?meta/fshost.cvf
?meta/fxfs-crypt.cm
?meta/fxfs.cm
?meta/memfs.cm
?meta/minfs.cm
