{
  "name": "mask-supplier",
  "description": "Flag indicating whether the client should respond to subnet mask discovery requests via ICMP.",
  "examples": [],
  "flags": [
    {
      "kind": "Switch",
      "optionality": "optional",
      "long": "--help",
      "short": null,
      "description": "display usage information",
      "hidden": false
    },
    {
      "kind": "Switch",
      "optionality": "optional",
      "long": "--supplier",
      "short": null,
      "description": "a flag indicating whether the client should respond to subnet mask discovery requests via ICMP.",
      "hidden": false
    }
  ],
  "notes": [],
  "commands": [],
  "positionals": [],
  "error_codes": []
}