{
  "name": "listen",
  "description": "initiate listening on |global_id|",
  "examples": [],
  "flags": [
    {
      "kind": "Switch",
      "optionality": "optional",
      "long": "--help",
      "short": null,
      "description": "display usage information",
      "hidden": false
    }
  ],
  "notes": [],
  "commands": [],
  "positionals": [
    {
      "name": "global_id",
      "description": "global id on which to listen",
      "optionality": "required",
      "hidden": false
    }
  ],
  "error_codes": []
}