// WARNING: This file is machine generated by fidlgen.

// fidl_experiment = output_index_json

#pragma once

// IWYU pragma: begin_exports
#include <fidl/test.byteandbytes/cpp/markers.h>
#include <fidl/test.byteandbytes/cpp/wire_messaging.h>
#include <fidl/test.byteandbytes/cpp/wire_types.h>
// IWYU pragma: end_exports
