// WARNING: This file is machine generated by fidlgen.

// fidl_experiment = output_index_json

#pragma once

#include <fidl/test.driverhandle/cpp/wire.h>

#pragma clang diagnostic push
#pragma clang diagnostic ignored "-Wshadow"

#pragma clang diagnostic pop
