// WARNING: This file is machine generated by fidlgen.

// fidl_experiment = no_optional_structs
// fidl_experiment = output_index_json
// fidl_experiment = transitional_allow_list

#include <fidl/test.driveroneway/cpp/wire_messaging.h>

#include <memory>

#pragma clang diagnostic push
#pragma clang diagnostic ignored "-Wshadow"

#pragma clang diagnostic pop
