// WARNING: This file is machine generated by fidlgen.

// fidl_experiment = output_index_json
// fidl_experiment = transitional_allow_list

#include <fidl/test.encapsulatedstructs/cpp/wire_types.h>

#pragma clang diagnostic push
#pragma clang diagnostic ignored "-Wshadow"

#ifdef __Fuchsia__
void ::test_encapsulatedstructs::wire::NonInlineStructTestStruct::_CloseHandles() {
  h.reset();
}

#endif  // __Fuchsia__

#ifdef __Fuchsia__
void ::test_encapsulatedstructs::wire::TopLevelStruct::_CloseHandles() {
  b._CloseHandles();
}

#endif  // __Fuchsia__

#pragma clang diagnostic pop
