// WARNING: This file is machine generated by fidlgen.

// fidl_experiment = output_index_json
// fidl_experiment = transitional_allow_list

#include <fidl/test.enum/cpp/type_conversions.h>

#pragma clang diagnostic push
#pragma clang diagnostic ignored "-Wshadow"

namespace fidl {
namespace internal {

#ifdef __Fuchsia__

#endif  // __Fuchsia__
#pragma clang diagnostic pop

}  // namespace internal
}  // namespace fidl
