{
  "name": "extensions-path",
  "description": "Path name to a TFTP-retrievable file containing vendor-extension information.",
  "examples": [],
  "flags": [
    {
      "kind": "Switch",
      "optionality": "optional",
      "long": "--help",
      "short": null,
      "description": "display usage information",
      "hidden": false
    },
    {
      "kind": {
        "Option": {
          "arg_name": "path"
        }
      },
      "optionality": "optional",
      "long": "--path",
      "short": null,
      "description": "the path name to a TFTP-retrievable file. This file contains data which can be interpreted as the BOOTP vendor-extension field. Unlike the BOOTP vendor-extension field, this file has an unconstrained length and any references to Tag 18 are ignored.",
      "hidden": false
    }
  ],
  "notes": [],
  "commands": [],
  "positionals": [],
  "error_codes": []
}