{
  "name": "perform-mask-discovery",
  "description": "Flag indicating whether the client should perform subnet mask discovery via ICMP.",
  "examples": [],
  "flags": [
    {
      "kind": "Switch",
      "optionality": "optional",
      "long": "--help",
      "short": null,
      "description": "display usage information",
      "hidden": false
    },
    {
      "kind": "Switch",
      "optionality": "optional",
      "long": "--do-discovery",
      "short": null,
      "description": "a flag indicating whether the client should perform subnet mask discovery via ICMP.",
      "hidden": false
    }
  ],
  "notes": [],
  "commands": [],
  "positionals": [],
  "error_codes": []
}