{
  "name": "tcp-keepalive-interval",
  "description": "Interval the client should wait before sending a TCP keepalive message.",
  "examples": [],
  "flags": [
    {
      "kind": "Switch",
      "optionality": "optional",
      "long": "--help",
      "short": null,
      "description": "display usage information",
      "hidden": false
    },
    {
      "kind": {
        "Option": {
          "arg_name": "interval"
        }
      },
      "optionality": "optional",
      "long": "--interval",
      "short": null,
      "description": "the interval, in seconds, the client should wait before sending a TCP keepalive message. A value of 0 indicates that the client should not send keepalive messages unless specifically requested by an application.",
      "hidden": false
    }
  ],
  "notes": [],
  "commands": [],
  "positionals": [],
  "error_codes": []
}