{
  "name": "add",
  "description": "Add a test node with a given bind property",
  "examples": [
    "To add a test node to the driver framework:\n\n    $ driver test-node add my-node my-key-string=my-value-string"
  ],
  "flags": [
    {
      "kind": "Switch",
      "optionality": "optional",
      "long": "--help",
      "short": null,
      "description": "display usage information",
      "hidden": false
    }
  ],
  "notes": [],
  "commands": [],
  "positionals": [
    {
      "name": "name",
      "description": "the name of the test node.",
      "optionality": "required",
      "hidden": false
    },
    {
      "name": "property",
      "description": "the test node's property. Should be in the format key=value.",
      "optionality": "required",
      "hidden": false
    }
  ],
  "error_codes": [
    {
      "code": 1,
      "description": "Failed to connect to the driver development service"
    }
  ]
}