// WARNING: This file is machine generated by fidlc.

#include <lib/fidl/internal.h>


__LOCAL extern const struct FidlCodedStruct test_padding_Padding7ByteMiddleTable;
__LOCAL extern const struct FidlCodedStruct test_padding_Padding7ByteEndTable;
__LOCAL extern const struct FidlCodedStruct test_padding_Padding6ByteMiddleTable;
__LOCAL extern const struct FidlCodedStruct test_padding_Padding6ByteEndTable;
__LOCAL extern const struct FidlCodedStruct test_padding_Padding5ByteMiddleTable;
__LOCAL extern const struct FidlCodedStruct test_padding_Padding5ByteEndTable;
__LOCAL extern const struct FidlCodedStruct test_padding_Padding4ByteMiddleTable;
__LOCAL extern const struct FidlCodedStruct test_padding_Padding4ByteEndTable;
__LOCAL extern const struct FidlCodedStruct test_padding_Padding4ByteAlignmentLength12Table;
__LOCAL extern const struct FidlCodedStruct test_padding_Padding3ByteMiddleTable;
__LOCAL extern const struct FidlCodedStruct test_padding_Padding3ByteEndTable;
__LOCAL extern const struct FidlCodedStruct test_padding_Padding2ByteMiddleTable;
__LOCAL extern const struct FidlCodedStruct test_padding_Padding2ByteEndTable;
__LOCAL extern const struct FidlCodedStruct test_padding_Padding2ByteAlignmentLength6Table;
__LOCAL extern const struct FidlCodedStruct test_padding_Padding1ByteMiddleTable;
__LOCAL extern const struct FidlCodedStruct test_padding_Padding1ByteEndTable;



static const struct FidlStructElement Fields31test_padding_Padding7ByteMiddle[] = {
    /*FidlStructPadding*/{.padding=/*FidlStructPadding*/{.offset_v2=0u, .header=/*FidlStructElementHeader*/{.element_type=kFidlStructElementType_Padding64,.is_resource=kFidlIsResource_NotResource},.mask_64=18446744073709551360ul}}
};
const struct FidlCodedStruct test_padding_Padding7ByteMiddleTable = {.tag=kFidlTypeStruct, .is_empty=kFidlEmpty_IsNotEmpty, .elements=Fields31test_padding_Padding7ByteMiddle, .element_count=1u, .size_v2=16u, .name="test.padding/Padding7ByteMiddle"};

static const struct FidlStructElement Fields28test_padding_Padding7ByteEnd[] = {
    /*FidlStructPadding*/{.padding=/*FidlStructPadding*/{.offset_v2=8u, .header=/*FidlStructElementHeader*/{.element_type=kFidlStructElementType_Padding64,.is_resource=kFidlIsResource_NotResource},.mask_64=18446744073709551360ul}}
};
const struct FidlCodedStruct test_padding_Padding7ByteEndTable = {.tag=kFidlTypeStruct, .is_empty=kFidlEmpty_IsNotEmpty, .elements=Fields28test_padding_Padding7ByteEnd, .element_count=1u, .size_v2=16u, .name="test.padding/Padding7ByteEnd"};

static const struct FidlStructElement Fields31test_padding_Padding6ByteMiddle[] = {
    /*FidlStructPadding*/{.padding=/*FidlStructPadding*/{.offset_v2=0u, .header=/*FidlStructElementHeader*/{.element_type=kFidlStructElementType_Padding64,.is_resource=kFidlIsResource_NotResource},.mask_64=18446744073709486080ul}}
};
const struct FidlCodedStruct test_padding_Padding6ByteMiddleTable = {.tag=kFidlTypeStruct, .is_empty=kFidlEmpty_IsNotEmpty, .elements=Fields31test_padding_Padding6ByteMiddle, .element_count=1u, .size_v2=16u, .name="test.padding/Padding6ByteMiddle"};

static const struct FidlStructElement Fields28test_padding_Padding6ByteEnd[] = {
    /*FidlStructPadding*/{.padding=/*FidlStructPadding*/{.offset_v2=8u, .header=/*FidlStructElementHeader*/{.element_type=kFidlStructElementType_Padding64,.is_resource=kFidlIsResource_NotResource},.mask_64=18446744073709486080ul}}
};
const struct FidlCodedStruct test_padding_Padding6ByteEndTable = {.tag=kFidlTypeStruct, .is_empty=kFidlEmpty_IsNotEmpty, .elements=Fields28test_padding_Padding6ByteEnd, .element_count=1u, .size_v2=16u, .name="test.padding/Padding6ByteEnd"};

static const struct FidlStructElement Fields31test_padding_Padding5ByteMiddle[] = {
    /*FidlStructPadding*/{.padding=/*FidlStructPadding*/{.offset_v2=0u, .header=/*FidlStructElementHeader*/{.element_type=kFidlStructElementType_Padding64,.is_resource=kFidlIsResource_NotResource},.mask_64=18446744073692774400ul}}
};
const struct FidlCodedStruct test_padding_Padding5ByteMiddleTable = {.tag=kFidlTypeStruct, .is_empty=kFidlEmpty_IsNotEmpty, .elements=Fields31test_padding_Padding5ByteMiddle, .element_count=1u, .size_v2=16u, .name="test.padding/Padding5ByteMiddle"};

static const struct FidlStructElement Fields28test_padding_Padding5ByteEnd[] = {
    /*FidlStructPadding*/{.padding=/*FidlStructPadding*/{.offset_v2=8u, .header=/*FidlStructElementHeader*/{.element_type=kFidlStructElementType_Padding64,.is_resource=kFidlIsResource_NotResource},.mask_64=18446744073692774400ul}}
};
const struct FidlCodedStruct test_padding_Padding5ByteEndTable = {.tag=kFidlTypeStruct, .is_empty=kFidlEmpty_IsNotEmpty, .elements=Fields28test_padding_Padding5ByteEnd, .element_count=1u, .size_v2=16u, .name="test.padding/Padding5ByteEnd"};

static const struct FidlStructElement Fields31test_padding_Padding4ByteMiddle[] = {
    /*FidlStructPadding*/{.padding=/*FidlStructPadding*/{.offset_v2=4u, .header=/*FidlStructElementHeader*/{.element_type=kFidlStructElementType_Padding32,.is_resource=kFidlIsResource_NotResource},.mask_32=4294967295u}}
};
const struct FidlCodedStruct test_padding_Padding4ByteMiddleTable = {.tag=kFidlTypeStruct, .is_empty=kFidlEmpty_IsNotEmpty, .elements=Fields31test_padding_Padding4ByteMiddle, .element_count=1u, .size_v2=16u, .name="test.padding/Padding4ByteMiddle"};

static const struct FidlStructElement Fields28test_padding_Padding4ByteEnd[] = {
    /*FidlStructPadding*/{.padding=/*FidlStructPadding*/{.offset_v2=12u, .header=/*FidlStructElementHeader*/{.element_type=kFidlStructElementType_Padding32,.is_resource=kFidlIsResource_NotResource},.mask_32=4294967295u}}
};
const struct FidlCodedStruct test_padding_Padding4ByteEndTable = {.tag=kFidlTypeStruct, .is_empty=kFidlEmpty_IsNotEmpty, .elements=Fields28test_padding_Padding4ByteEnd, .element_count=1u, .size_v2=16u, .name="test.padding/Padding4ByteEnd"};

static const struct FidlStructElement Fields42test_padding_Padding4ByteAlignmentLength12[] = {
    /*FidlStructPadding*/{.padding=/*FidlStructPadding*/{.offset_v2=4u, .header=/*FidlStructElementHeader*/{.element_type=kFidlStructElementType_Padding16,.is_resource=kFidlIsResource_NotResource},.mask_16=65280u}},
    /*FidlStructPadding*/{.padding=/*FidlStructPadding*/{.offset_v2=10u, .header=/*FidlStructElementHeader*/{.element_type=kFidlStructElementType_Padding16,.is_resource=kFidlIsResource_NotResource},.mask_16=65535u}}
};
const struct FidlCodedStruct test_padding_Padding4ByteAlignmentLength12Table = {.tag=kFidlTypeStruct, .is_empty=kFidlEmpty_IsNotEmpty, .elements=Fields42test_padding_Padding4ByteAlignmentLength12, .element_count=2u, .size_v2=12u, .name="test.padding/Padding4ByteAlignmentLength12"};

static const struct FidlStructElement Fields31test_padding_Padding3ByteMiddle[] = {
    /*FidlStructPadding*/{.padding=/*FidlStructPadding*/{.offset_v2=0u, .header=/*FidlStructElementHeader*/{.element_type=kFidlStructElementType_Padding32,.is_resource=kFidlIsResource_NotResource},.mask_32=4294967040u}}
};
const struct FidlCodedStruct test_padding_Padding3ByteMiddleTable = {.tag=kFidlTypeStruct, .is_empty=kFidlEmpty_IsNotEmpty, .elements=Fields31test_padding_Padding3ByteMiddle, .element_count=1u, .size_v2=8u, .name="test.padding/Padding3ByteMiddle"};

static const struct FidlStructElement Fields28test_padding_Padding3ByteEnd[] = {
    /*FidlStructPadding*/{.padding=/*FidlStructPadding*/{.offset_v2=4u, .header=/*FidlStructElementHeader*/{.element_type=kFidlStructElementType_Padding32,.is_resource=kFidlIsResource_NotResource},.mask_32=4294967040u}}
};
const struct FidlCodedStruct test_padding_Padding3ByteEndTable = {.tag=kFidlTypeStruct, .is_empty=kFidlEmpty_IsNotEmpty, .elements=Fields28test_padding_Padding3ByteEnd, .element_count=1u, .size_v2=8u, .name="test.padding/Padding3ByteEnd"};

static const struct FidlStructElement Fields31test_padding_Padding2ByteMiddle[] = {
    /*FidlStructPadding*/{.padding=/*FidlStructPadding*/{.offset_v2=2u, .header=/*FidlStructElementHeader*/{.element_type=kFidlStructElementType_Padding16,.is_resource=kFidlIsResource_NotResource},.mask_16=65535u}}
};
const struct FidlCodedStruct test_padding_Padding2ByteMiddleTable = {.tag=kFidlTypeStruct, .is_empty=kFidlEmpty_IsNotEmpty, .elements=Fields31test_padding_Padding2ByteMiddle, .element_count=1u, .size_v2=8u, .name="test.padding/Padding2ByteMiddle"};

static const struct FidlStructElement Fields28test_padding_Padding2ByteEnd[] = {
    /*FidlStructPadding*/{.padding=/*FidlStructPadding*/{.offset_v2=6u, .header=/*FidlStructElementHeader*/{.element_type=kFidlStructElementType_Padding16,.is_resource=kFidlIsResource_NotResource},.mask_16=65535u}}
};
const struct FidlCodedStruct test_padding_Padding2ByteEndTable = {.tag=kFidlTypeStruct, .is_empty=kFidlEmpty_IsNotEmpty, .elements=Fields28test_padding_Padding2ByteEnd, .element_count=1u, .size_v2=8u, .name="test.padding/Padding2ByteEnd"};

static const struct FidlStructElement Fields41test_padding_Padding2ByteAlignmentLength6[] = {
    /*FidlStructPadding*/{.padding=/*FidlStructPadding*/{.offset_v2=0u, .header=/*FidlStructElementHeader*/{.element_type=kFidlStructElementType_Padding16,.is_resource=kFidlIsResource_NotResource},.mask_16=65280u}},
    /*FidlStructPadding*/{.padding=/*FidlStructPadding*/{.offset_v2=4u, .header=/*FidlStructElementHeader*/{.element_type=kFidlStructElementType_Padding16,.is_resource=kFidlIsResource_NotResource},.mask_16=65280u}}
};
const struct FidlCodedStruct test_padding_Padding2ByteAlignmentLength6Table = {.tag=kFidlTypeStruct, .is_empty=kFidlEmpty_IsNotEmpty, .elements=Fields41test_padding_Padding2ByteAlignmentLength6, .element_count=2u, .size_v2=6u, .name="test.padding/Padding2ByteAlignmentLength6"};

static const struct FidlStructElement Fields31test_padding_Padding1ByteMiddle[] = {
    /*FidlStructPadding*/{.padding=/*FidlStructPadding*/{.offset_v2=0u, .header=/*FidlStructElementHeader*/{.element_type=kFidlStructElementType_Padding16,.is_resource=kFidlIsResource_NotResource},.mask_16=65280u}}
};
const struct FidlCodedStruct test_padding_Padding1ByteMiddleTable = {.tag=kFidlTypeStruct, .is_empty=kFidlEmpty_IsNotEmpty, .elements=Fields31test_padding_Padding1ByteMiddle, .element_count=1u, .size_v2=4u, .name="test.padding/Padding1ByteMiddle"};

static const struct FidlStructElement Fields28test_padding_Padding1ByteEnd[] = {
    /*FidlStructPadding*/{.padding=/*FidlStructPadding*/{.offset_v2=2u, .header=/*FidlStructElementHeader*/{.element_type=kFidlStructElementType_Padding16,.is_resource=kFidlIsResource_NotResource},.mask_16=65280u}}
};
const struct FidlCodedStruct test_padding_Padding1ByteEndTable = {.tag=kFidlTypeStruct, .is_empty=kFidlEmpty_IsNotEmpty, .elements=Fields28test_padding_Padding1ByteEnd, .element_count=1u, .size_v2=4u, .name="test.padding/Padding1ByteEnd"};

