{
  "name": "tcp",
  "description": "Forward a TCP port from the target to the host",
  "examples": [],
  "flags": [
    {
      "kind": "Switch",
      "optionality": "optional",
      "long": "--help",
      "short": null,
      "description": "display usage information",
      "hidden": false
    }
  ],
  "notes": [],
  "commands": [],
  "positionals": [
    {
      "name": "host_address",
      "description": "",
      "optionality": "required",
      "hidden": false
    },
    {
      "name": "target_address",
      "description": "",
      "optionality": "required",
      "hidden": false
    }
  ],
  "error_codes": []
}