{
  "name": "keyboard",
  "description": "get or set keyboard settings",
  "examples": [],
  "flags": [
    {
      "kind": "Switch",
      "optionality": "optional",
      "long": "--help",
      "short": null,
      "description": "display usage information",
      "hidden": false
    },
    {
      "kind": {
        "Option": {
          "arg_name": "keymap"
        }
      },
      "optionality": "optional",
      "long": "--keymap",
      "short": "k",
      "description": "keymap selection for the keyboard. Valid options are   - UsQwerty   - FrAzerty   - UsDvorak   - UsColemak",
      "hidden": false
    },
    {
      "kind": {
        "Option": {
          "arg_name": "autorepeat-delay"
        }
      },
      "optionality": "optional",
      "long": "--autorepeat-delay",
      "short": "d",
      "description": "delay value of autorepeat values for the keyboard. Values should be a positive integer plus an SI time unit. Valid units are s, ms. If this value and autorepeat_period are zero, the autorepeat field of KeyboardSettings will be cleaned as None.",
      "hidden": false
    },
    {
      "kind": {
        "Option": {
          "arg_name": "autorepeat-period"
        }
      },
      "optionality": "optional",
      "long": "--autorepeat-period",
      "short": "p",
      "description": "period value of autorepeat values for the keyboard. Values should be a positive integer plus an SI time unit. Valid units are s, ms. If this value and autorepeat_delay are zero, the autorepeat field of KeyboardSettings will be cleaned as None.",
      "hidden": false
    }
  ],
  "notes": [],
  "commands": [],
  "positionals": [],
  "error_codes": []
}