{
  "name": "start",
  "description": "Start logging on the target",
  "examples": [],
  "flags": [
    {
      "kind": "Switch",
      "optionality": "optional",
      "long": "--help",
      "short": null,
      "description": "display usage information",
      "hidden": false
    },
    {
      "kind": {
        "Option": {
          "arg_name": "interval"
        }
      },
      "optionality": "required",
      "long": "--interval",
      "short": "s",
      "description": "interval for polling the network activity",
      "hidden": false
    },
    {
      "kind": "Switch",
      "optionality": "optional",
      "long": "--output-to-syslog",
      "short": null,
      "description": "toggle for logging samples to syslog",
      "hidden": false
    },
    {
      "kind": {
        "Option": {
          "arg_name": "duration"
        }
      },
      "optionality": "optional",
      "long": "--duration",
      "short": "d",
      "description": "duration for which to log; if omitted, logging will continue indefinitely",
      "hidden": false
    }
  ],
  "notes": [],
  "commands": [],
  "positionals": [],
  "error_codes": []
}