{
  "name": "product",
  "description": "(Not implemented yet) Check that the set of all blobs included in the product fit in the blobfs capacity.",
  "examples": [],
  "flags": [
    {
      "kind": "Switch",
      "optionality": "optional",
      "long": "--help",
      "short": null,
      "description": "display usage information",
      "hidden": false
    },
    {
      "kind": {
        "Option": {
          "arg_name": "auth"
        }
      },
      "optionality": "optional",
      "long": "--auth",
      "short": null,
      "description": "use specific auth mode for oauth2 (see examples; default: pkce).",
      "hidden": false
    },
    {
      "kind": {
        "Option": {
          "arg_name": "assembly-manifest"
        }
      },
      "optionality": "required",
      "long": "--assembly-manifest",
      "short": null,
      "description": "path to assembly_manifest.json.",
      "hidden": false
    },
    {
      "kind": {
        "Option": {
          "arg_name": "base-assembly-manifest"
        }
      },
      "optionality": "optional",
      "long": "--base-assembly-manifest",
      "short": null,
      "description": "path to the bast assembly_manifest.json which will be used to compare with the current assembly_manifest.json to produce a diff.",
      "hidden": false
    },
    {
      "kind": "Switch",
      "optionality": "optional",
      "long": "--verbose",
      "short": "v",
      "description": "whether to show the verbose output.",
      "hidden": false
    },
    {
      "kind": {
        "Option": {
          "arg_name": "visualization-dir"
        }
      },
      "optionality": "optional",
      "long": "--visualization-dir",
      "short": null,
      "description": "path to the directory where HTML visualization should be stored.",
      "hidden": false
    },
    {
      "kind": {
        "Option": {
          "arg_name": "gerrit-output"
        }
      },
      "optionality": "optional",
      "long": "--gerrit-output",
      "short": null,
      "description": "path where to write the gerrit size report.",
      "hidden": false
    },
    {
      "kind": {
        "Option": {
          "arg_name": "size-breakdown-output"
        }
      },
      "optionality": "optional",
      "long": "--size-breakdown-output",
      "short": null,
      "description": "path where to write the size breakdown.",
      "hidden": false
    },
    {
      "kind": {
        "Option": {
          "arg_name": "blobfs-creep-budget"
        }
      },
      "optionality": "optional",
      "long": "--blobfs-creep-budget",
      "short": null,
      "description": "maximum amount that the size of blobfs can increase in one CL. This value is propagated to the gerrit size report.",
      "hidden": false
    },
    {
      "kind": {
        "Option": {
          "arg_name": "platform-resources-budget"
        }
      },
      "optionality": "optional",
      "long": "--platform-resources-budget",
      "short": null,
      "description": "maximum amount of bytes the platform resources can consume.",
      "hidden": false
    }
  ],
  "notes": [],
  "commands": [],
  "positionals": [],
  "error_codes": []
}